// Jest Snapshot v1, https://goo.gl/fbAQLP

exports[`Dynadux combineMultipleReducers no duplicate actions 1`] = `
Array [
  "products-LOGIN",
  "cart-LOGIN",
  "products-GET_PRODUCTS",
  "cart-ADD_PRODUCT",
  "cart-REMOVE_PRODUCT",
  "products-LOGOUT",
  "cart-LOGOUT",
]
`;
